[
{
    "proposedSnapshot": {
        "com.linkedin.pegasus2avro.metadata.snapshot.DatasetSnapshot": {
            "urn": "urn:li:dataset:(urn:li:dataPlatform:delta-lake,tests/integration/delta_lake/test_data/delta_tables/my_table_basic,UAT)",
            "aspects": [
                {
                    "com.linkedin.pegasus2avro.common.Status": {
                        "removed": false
                    }
                },
                {
                    "com.linkedin.pegasus2avro.dataset.DatasetProperties": {
                        "customProperties": {
                            "partition_columns": "['foo', 'bar']",
                            "table_creation_time": "1655831476360",
                            "id": "628d06df-ecb0-4314-a97e-75d8872db7c3",
                            "version": "4",
                            "location": "tests/integration/delta_lake/test_data/delta_tables/my_table_basic"
                        },
                        "name": "test-table-basic",
                        "description": "test delta table basic with table name",
                        "tags": []
                    }
                },
                {
                    "com.linkedin.pegasus2avro.schema.SchemaMetadata": {
                        "schemaName": "test-table-basic",
                        "platform": "urn:li:dataPlatform:delta-lake",
                        "version": 4,
                        "created": {
                            "time": 0,
                            "actor": "urn:li:corpuser:unknown"
                        },
                        "lastModified": {
                            "time": 0,
                            "actor": "urn:li:corpuser:unknown"
                        },
                        "hash": "",
                        "platformSchema": {
                            "com.linkedin.pegasus2avro.schema.OtherSchema": {
                                "rawSchema": ""
                            }
                        },
                        "fields": [
                            {
                                "fieldPath": "bar",
                                "nullable": true,
                                "description": "{}",
                                "type": {
                                    "type": {
                                        "com.linkedin.pegasus2avro.schema.NumberType": {}
                                    }
                                },
                                "nativeDataType": "integer",
                                "recursive": false,
                                "isPartOfKey": false,
                                "isPartitioningKey": true
                            },
                            {
                                "fieldPath": "foo",
                                "nullable": true,
                                "description": "{}",
                                "type": {
                                    "type": {
                                        "com.linkedin.pegasus2avro.schema.NumberType": {}
                                    }
                                },
                                "nativeDataType": "integer",
                                "recursive": false,
                                "isPartOfKey": false,
                                "isPartitioningKey": true
                            },
                            {
                                "fieldPath": "zip",
                                "nullable": true,
                                "description": "{}",
                                "type": {
                                    "type": {
                                        "com.linkedin.pegasus2avro.schema.StringType": {}
                                    }
                                },
                                "nativeDataType": "string",
                                "recursive": false,
                                "isPartOfKey": false,
                                "isPartitioningKey": false
                            }
                        ]
                    }
                }
            ]
        }
    },
    "systemMetadata": {
        "lastObserved": 1615443388097,
        "runId": "single_table.json"
    }
},
{
    "entityType": "container",
    "entityUrn": "urn:li:container:bdfaaacd66870755e65612e0b88dd4bf",
    "changeType": "UPSERT",
    "aspectName": "containerProperties",
    "aspect": {
        "value": "{\"customProperties\": {\"platform\": \"delta-lake\", \"instance\": \"UAT\", \"folder_abs_path\": \"tests\"}, \"name\": \"tests\"}",
        "contentType": "application/json"
    },
    "systemMetadata": {
        "lastObserved": 1615443388097,
        "runId": "single_table.json"
    }
},
{
    "entityType": "container",
    "entityUrn": "urn:li:container:bdfaaacd66870755e65612e0b88dd4bf",
    "changeType": "UPSERT",
    "aspectName": "status",
    "aspect": {
        "value": "{\"removed\": false}",
        "contentType": "application/json"
    },
    "systemMetadata": {
        "lastObserved": 1615443388097,
        "runId": "single_table.json"
    }
},
{
    "entityType": "container",
    "entityUrn": "urn:li:container:bdfaaacd66870755e65612e0b88dd4bf",
    "changeType": "UPSERT",
    "aspectName": "dataPlatformInstance",
    "aspect": {
        "value": "{\"platform\": \"urn:li:dataPlatform:delta-lake\"}",
        "contentType": "application/json"
    },
    "systemMetadata": {
        "lastObserved": 1615443388097,
        "runId": "single_table.json"
    }
},
{
    "entityType": "container",
    "entityUrn": "urn:li:container:bdfaaacd66870755e65612e0b88dd4bf",
    "changeType": "UPSERT",
    "aspectName": "subTypes",
    "aspect": {
        "value": "{\"typeNames\": [\"Folder\"]}",
        "contentType": "application/json"
    },
    "systemMetadata": {
        "lastObserved": 1615443388097,
        "runId": "single_table.json"
    }
},
{
    "entityType": "container",
    "entityUrn": "urn:li:container:974a39dc631803eddedc699cc9bb9759",
    "changeType": "UPSERT",
    "aspectName": "containerProperties",
    "aspect": {
        "value": "{\"customProperties\": {\"platform\": \"delta-lake\", \"instance\": \"UAT\", \"folder_abs_path\": \"tests/integration\"}, \"name\": \"integration\"}",
        "contentType": "application/json"
    },
    "systemMetadata": {
        "lastObserved": 1615443388097,
        "runId": "single_table.json"
    }
},
{
    "entityType": "container",
    "entityUrn": "urn:li:container:974a39dc631803eddedc699cc9bb9759",
    "changeType": "UPSERT",
    "aspectName": "status",
    "aspect": {
        "value": "{\"removed\": false}",
        "contentType": "application/json"
    },
    "systemMetadata": {
        "lastObserved": 1615443388097,
        "runId": "single_table.json"
    }
},
{
    "entityType": "container",
    "entityUrn": "urn:li:container:974a39dc631803eddedc699cc9bb9759",
    "changeType": "UPSERT",
    "aspectName": "dataPlatformInstance",
    "aspect": {
        "value": "{\"platform\": \"urn:li:dataPlatform:delta-lake\"}",
        "contentType": "application/json"
    },
    "systemMetadata": {
        "lastObserved": 1615443388097,
        "runId": "single_table.json"
    }
},
{
    "entityType": "container",
    "entityUrn": "urn:li:container:974a39dc631803eddedc699cc9bb9759",
    "changeType": "UPSERT",
    "aspectName": "subTypes",
    "aspect": {
        "value": "{\"typeNames\": [\"Folder\"]}",
        "contentType": "application/json"
    },
    "systemMetadata": {
        "lastObserved": 1615443388097,
        "runId": "single_table.json"
    }
},
{
    "entityType": "container",
    "entityUrn": "urn:li:container:974a39dc631803eddedc699cc9bb9759",
    "changeType": "UPSERT",
    "aspectName": "container",
    "aspect": {
        "value": "{\"container\": \"urn:li:container:bdfaaacd66870755e65612e0b88dd4bf\"}",
        "contentType": "application/json"
    },
    "systemMetadata": {
        "lastObserved": 1615443388097,
        "runId": "single_table.json"
    }
},
{
    "entityType": "container",
    "entityUrn": "urn:li:container:dae543a1ed7ecfea4079a971dc7805a6",
    "changeType": "UPSERT",
    "aspectName": "containerProperties",
    "aspect": {
        "value": "{\"customProperties\": {\"platform\": \"delta-lake\", \"instance\": \"UAT\", \"folder_abs_path\": \"tests/integration/delta_lake\"}, \"name\": \"delta_lake\"}",
        "contentType": "application/json"
    },
    "systemMetadata": {
        "lastObserved": 1615443388097,
        "runId": "single_table.json"
    }
},
{
    "entityType": "container",
    "entityUrn": "urn:li:container:dae543a1ed7ecfea4079a971dc7805a6",
    "changeType": "UPSERT",
    "aspectName": "status",
    "aspect": {
        "value": "{\"removed\": false}",
        "contentType": "application/json"
    },
    "systemMetadata": {
        "lastObserved": 1615443388097,
        "runId": "single_table.json"
    }
},
{
    "entityType": "container",
    "entityUrn": "urn:li:container:dae543a1ed7ecfea4079a971dc7805a6",
    "changeType": "UPSERT",
    "aspectName": "dataPlatformInstance",
    "aspect": {
        "value": "{\"platform\": \"urn:li:dataPlatform:delta-lake\"}",
        "contentType": "application/json"
    },
    "systemMetadata": {
        "lastObserved": 1615443388097,
        "runId": "single_table.json"
    }
},
{
    "entityType": "container",
    "entityUrn": "urn:li:container:dae543a1ed7ecfea4079a971dc7805a6",
    "changeType": "UPSERT",
    "aspectName": "subTypes",
    "aspect": {
        "value": "{\"typeNames\": [\"Folder\"]}",
        "contentType": "application/json"
    },
    "systemMetadata": {
        "lastObserved": 1615443388097,
        "runId": "single_table.json"
    }
},
{
    "entityType": "container",
    "entityUrn": "urn:li:container:dae543a1ed7ecfea4079a971dc7805a6",
    "changeType": "UPSERT",
    "aspectName": "container",
    "aspect": {
        "value": "{\"container\": \"urn:li:container:974a39dc631803eddedc699cc9bb9759\"}",
        "contentType": "application/json"
    },
    "systemMetadata": {
        "lastObserved": 1615443388097,
        "runId": "single_table.json"
    }
},
{
    "entityType": "container",
    "entityUrn": "urn:li:container:ee050cda8eca59687021c24cbc0bb8a4",
    "changeType": "UPSERT",
    "aspectName": "containerProperties",
    "aspect": {
        "value": "{\"customProperties\": {\"platform\": \"delta-lake\", \"instance\": \"UAT\", \"folder_abs_path\": \"tests/integration/delta_lake/test_data\"}, \"name\": \"test_data\"}",
        "contentType": "application/json"
    },
    "systemMetadata": {
        "lastObserved": 1615443388097,
        "runId": "single_table.json"
    }
},
{
    "entityType": "container",
    "entityUrn": "urn:li:container:ee050cda8eca59687021c24cbc0bb8a4",
    "changeType": "UPSERT",
    "aspectName": "status",
    "aspect": {
        "value": "{\"removed\": false}",
        "contentType": "application/json"
    },
    "systemMetadata": {
        "lastObserved": 1615443388097,
        "runId": "single_table.json"
    }
},
{
    "entityType": "container",
    "entityUrn": "urn:li:container:ee050cda8eca59687021c24cbc0bb8a4",
    "changeType": "UPSERT",
    "aspectName": "dataPlatformInstance",
    "aspect": {
        "value": "{\"platform\": \"urn:li:dataPlatform:delta-lake\"}",
        "contentType": "application/json"
    },
    "systemMetadata": {
        "lastObserved": 1615443388097,
        "runId": "single_table.json"
    }
},
{
    "entityType": "container",
    "entityUrn": "urn:li:container:ee050cda8eca59687021c24cbc0bb8a4",
    "changeType": "UPSERT",
    "aspectName": "subTypes",
    "aspect": {
        "value": "{\"typeNames\": [\"Folder\"]}",
        "contentType": "application/json"
    },
    "systemMetadata": {
        "lastObserved": 1615443388097,
        "runId": "single_table.json"
    }
},
{
    "entityType": "container",
    "entityUrn": "urn:li:container:ee050cda8eca59687021c24cbc0bb8a4",
    "changeType": "UPSERT",
    "aspectName": "container",
    "aspect": {
        "value": "{\"container\": \"urn:li:container:dae543a1ed7ecfea4079a971dc7805a6\"}",
        "contentType": "application/json"
    },
    "systemMetadata": {
        "lastObserved": 1615443388097,
        "runId": "single_table.json"
    }
},
{
    "entityType": "container",
    "entityUrn": "urn:li:container:ad4b596846e8e010114b1ec82b324fab",
    "changeType": "UPSERT",
    "aspectName": "containerProperties",
    "aspect": {
        "value": "{\"customProperties\": {\"platform\": \"delta-lake\", \"instance\": \"UAT\", \"folder_abs_path\": \"tests/integration/delta_lake/test_data/delta_tables\"}, \"name\": \"delta_tables\"}",
        "contentType": "application/json"
    },
    "systemMetadata": {
        "lastObserved": 1615443388097,
        "runId": "single_table.json"
    }
},
{
    "entityType": "container",
    "entityUrn": "urn:li:container:ad4b596846e8e010114b1ec82b324fab",
    "changeType": "UPSERT",
    "aspectName": "status",
    "aspect": {
        "value": "{\"removed\": false}",
        "contentType": "application/json"
    },
    "systemMetadata": {
        "lastObserved": 1615443388097,
        "runId": "single_table.json"
    }
},
{
    "entityType": "container",
    "entityUrn": "urn:li:container:ad4b596846e8e010114b1ec82b324fab",
    "changeType": "UPSERT",
    "aspectName": "dataPlatformInstance",
    "aspect": {
        "value": "{\"platform\": \"urn:li:dataPlatform:delta-lake\"}",
        "contentType": "application/json"
    },
    "systemMetadata": {
        "lastObserved": 1615443388097,
        "runId": "single_table.json"
    }
},
{
    "entityType": "container",
    "entityUrn": "urn:li:container:ad4b596846e8e010114b1ec82b324fab",
    "changeType": "UPSERT",
    "aspectName": "subTypes",
    "aspect": {
        "value": "{\"typeNames\": [\"Folder\"]}",
        "contentType": "application/json"
    },
    "systemMetadata": {
        "lastObserved": 1615443388097,
        "runId": "single_table.json"
    }
},
{
    "entityType": "container",
    "entityUrn": "urn:li:container:ad4b596846e8e010114b1ec82b324fab",
    "changeType": "UPSERT",
    "aspectName": "container",
    "aspect": {
        "value": "{\"container\": \"urn:li:container:ee050cda8eca59687021c24cbc0bb8a4\"}",
        "contentType": "application/json"
    },
    "systemMetadata": {
        "lastObserved": 1615443388097,
        "runId": "single_table.json"
    }
},
{
    "entityType": "dataset",
    "entityUrn": "urn:li:dataset:(urn:li:dataPlatform:delta-lake,tests/integration/delta_lake/test_data/delta_tables/my_table_basic,UAT)",
    "changeType": "UPSERT",
    "aspectName": "container",
    "aspect": {
        "value": "{\"container\": \"urn:li:container:ad4b596846e8e010114b1ec82b324fab\"}",
        "contentType": "application/json"
    },
    "systemMetadata": {
        "lastObserved": 1615443388097,
        "runId": "single_table.json"
    }
},
{
    "entityType": "dataset",
    "entityUrn": "urn:li:dataset:(urn:li:dataPlatform:delta-lake,tests/integration/delta_lake/test_data/delta_tables/my_table_basic,UAT)",
    "changeType": "UPSERT",
    "aspectName": "operation",
    "aspect": {
        "value": "{\"timestampMillis\": 1615443388097, \"partitionSpec\": {\"type\": \"FULL_TABLE\", \"partition\": \"FULL_TABLE_SNAPSHOT\"}, \"operationType\": \"CUSTOM\", \"customOperationType\": \"WRITE\", \"customProperties\": {\"engineInfo\": \"local Delta-Standalone/0.4.0\", \"isBlindAppend\": \"True\", \"isolationLevel\": \"Serializable\", \"readVersion\": \"3\"}, \"lastUpdatedTimestamp\": 1655831477768}",
        "contentType": "application/json"
    },
    "systemMetadata": {
        "lastObserved": 1615443388097,
        "runId": "single_table.json"
    }
}
]